// Jest Snapshot v1, https://goo.gl/fbAQLP

exports[`Simple payload: Empty payload 1`] = `
Uint8Array [
  147,
  0,
  196,
  88,
  151,
  208,
  219,
  192,
  192,
  192,
  192,
  147,
  0,
  146,
  167,
  65,
  50,
  53,
  54,
  71,
  67,
  77,
  217,
  43,
  74,
  82,
  104,
  114,
  82,
  75,
  121,
  107,
  109,
  110,
  109,
  51,
  83,
  98,
  117,
  78,
  119,
  54,
  79,
  99,
  88,
  70,
  95,
  106,
  105,
  119,
  48,
  103,
  73,
  108,
  87,
  51,
  81,
  105,
  87,
  78,
  86,
  48,
  49,
  106,
  101,
  97,
  69,
  196,
  16,
  0,
  1,
  2,
  3,
  4,
  5,
  6,
  7,
  8,
  9,
  10,
  11,
  12,
  13,
  14,
  15,
  196,
  5,
  0,
  1,
  2,
  3,
  4,
  192,
]
`;

exports[`Simple payload: Empty payload parsed 1`] = `
Object {
  "author": Ok {
    "err": false,
    "ok": true,
    "val": NoneImpl {
      "none": true,
      "some": false,
    },
  },
  "authorPublicKey": Ok {
    "err": false,
    "ok": true,
    "val": NoneImpl {
      "none": true,
      "some": false,
    },
  },
  "encrypted": Ok {
    "err": false,
    "ok": true,
    "val": Uint8Array [
      0,
      1,
      2,
      3,
      4,
    ],
  },
  "encryption": Ok {
    "err": false,
    "ok": true,
    "val": Object {
      "AESKey": Ok {
        "err": false,
        "ok": true,
        "val": Object {
          "algr": "A256GCM",
          "key": CryptoKey {
            Symbol(kKeyObject): SecretKeyObject {
              Symbol(kKeyType): "secret",
            },
            Symbol(kAlgorithm): Object {
              "length": 256,
              "name": "AES-GCM",
            },
            Symbol(kExtractable): true,
            Symbol(kKeyUsages): Array [
              "encrypt",
              "decrypt",
            ],
          },
        },
      },
      "iv": Ok {
        "err": false,
        "ok": true,
        "val": Uint8Array [
          0,
          1,
          2,
          3,
          4,
          5,
          6,
          7,
          8,
          9,
          10,
          11,
          12,
          13,
          14,
          15,
        ],
      },
      "type": "public",
    },
  },
  "signature": Ok {
    "err": false,
    "ok": true,
    "val": NoneImpl {
      "none": true,
      "some": false,
    },
  },
  "version": -37,
}
`;
